// Jest Snapshot v1, https://goo.gl/fbAQLP

exports[`Cart Segment Component should have the right cart item image component snapshot 1`] = `
<img
  alt="Image of Fresho Kiwi - Green, 3 pcs"
  className="image-size-1"
  data-testid="image"
  src="kiwi-green.jpg"
/>
`;

exports[`Cart Segment Component should have the right lowest price image component snapshot 1`] = `
<img
  alt="lowest-price"
  className="image-size-2"
  data-testid="image"
  src="lowest-price.png"
/>
`;
