// Jest Snapshot v1, https://goo.gl/fbAQLP

exports[`Empty Cart Component should have the right empty cart component snapshot 1`] = `
<div
  className="minicart-modal-background"
>
  <div
    className="minicart-empty"
  >
    <div
      className="cart-quantity-tile"
    >
      <p>
        <strong
          data-testid="my-cart-text"
        >
          My Cart 
        </strong>
      </p>
    </div>
    <div
      className="cart-quantity-tile-modal"
    >
      <p>
        <strong
          data-testid="my-cart-text-modal"
        >
          My Cart 
        </strong>
      </p>
      <i
        className="fas fa-times"
        id="close-btn-empty-cart"
      />
    </div>
    <div>
      <p
        className="empty-cart-text"
        data-testid="no-items"
      >
        No items in your cart
      </p>
      <p
        className="empty-cart-desc"
        data-testid="fav-items"
      >
        Your favourite items are just a click away
      </p>
    </div>
    <div
      className="checkout-empty-tile"
    >
      <div>
        <button
          className="btn-checkout"
        >
          <span
            className="start-shopping-btn"
          >
            <span>
              Start Shopping
            </span>
          </span>
        </button>
      </div>
    </div>
  </div>
</div>
`;
